started_at: 2026-09-13 14:43:20

finished_at: 2026-09-13 14:46:34

duration_s: 193.77

returncode: 0

stdout:
targets= {"shoulder_rotate": 2.213316485404968, "arm_roll": -3.0812454887441834, "wrist_side": -0.3120164698362351}
v2.6 replay adaptive group active tau updates {"arm_roll:negative": {"tau": -0.3141923302732278, "previous_tau": -0.3060023718298668, "applied_tau": -0.30109358511532575, "delta_tau": -0.008189958443361012, "direction": "negative", "last_error_deg": -2.0474896108402536, "best_error_deg": 0.6807542242775642, "best_tau": -0.3060023718298668, "step_scale": 0.2, "learning_state": "backoff", "refined_best": false, "samples": 195, "updated_at": "2026-09-13 14:46:16", "label": "replay-adaptive-group"}}
v2.6 replay adaptive hold tau observation replay-adaptive-group active= wrist_side errors_deg= {"shoulder_front": -0.48085214775806767, "shoulder_side": 0.30599247481657127, "elbow": -0.10928302672020401}
v2.6 replay adaptive hold target bias observation replay-adaptive-group-soft-hold active= wrist_side errors_deg= {"elbow": -0.10928302672020401}
v2.8 pre-wrist verification= {"tolerance_deg": 0.5, "encoder_half_count_margin_deg": 0.011, "effective_tolerance_deg": 0.511, "blocking_errors_deg": {}, "extra_correction_motion": false}
v2.6 replay correction decisions= {"shoulder_side": {"error_deg": 0.30599247481657127, "samples": 58, "learning_state": "plateau", "step_scale": 0.2, "best_error_deg": 1.09284392758038, "decision": "below_error_deadband"}, "elbow": {"error_deg": -0.10928302672020401, "samples": 28, "learning_state": "plateau", "step_scale": 0.2, "best_error_deg": 1.005420921298802, "decision": "below_error_deadband"}} enabled= False
v2.6 replay correction skipped selected= 
v2.6 replay final wrist adaptive target bias wrist bias_deg= -0.26374713050063686 nominal_target= -2.714770793914795 biased_target= -2.7193740497347183
v2.6 replay final wrist hold target bias pending hold-tau improvement ["shoulder_front", "shoulder_side"]
v2.6 replay final wrist adaptive hold target bias= {"shoulder_rotate": 0.0, "elbow": 1.3778779562429937, "arm_roll": 1.4884867166703502, "wrist_side": 0.2524479752145379} hold_targets= {"shoulder_rotate": 2.213316485404968, "elbow": 0.8684446213764558, "arm_roll": -3.055266494666086, "wrist_side": -0.30761042147874834}
v2.6 replay final wrist carried hold targets= {"shoulder_front": 1.2986548819780428, "shoulder_side": -2.3851376295089723, "elbow": 0.885501525421911, "shoulder_rotate": 2.213316485404968, "arm_roll": -3.0812454887441834, "wrist_side": -0.31201646983623504}
v2.6 replay final wrist frozen hold targets= {"elbow": {"previous_target": 0.885501525421911, "frozen_target": 0.8443961143493652, "nominal_error_deg": -0.10928302672020401}}
v2.6 replay final wrist soft hold overrides gains= {"elbow": {"kp": 25.0, "kd": 3.0}} tau= {"elbow": {"adaptive_tau": 3.21, "soft_cap_skipped": 3.2}}
v2.6 replay final wrist frozen hold overrides gains= {"elbow": {"kp": 25.0, "kd": 3.0}} tau= {"elbow": {"previous_tau": 3.21, "tau": 3.2}}
v2.6 replay final wrist active delta_deg= -95.4725748394356 target= -2.7193740497347183 kp= 22.0 kd= 1.4 seconds= 12.0 hold joints: shoulder_front,shoulder_side,shoulder_rotate,elbow,arm_roll,wrist_side
v2.6 replay final wrist hold_tau= {"shoulder_front": 1.166123468575764, "elbow": 3.2, "arm_roll": -0.3427607989659096, "shoulder_rotate": -0.8700000000000001, "shoulder_side": 0.71, "wrist_side": -0.2899999999999999}
v2.6 replay final wrist low shoulder wrist_side hold gains= {"kp": 24.0, "kd": 2.4} hold_tau= -0.2899999999999999
v2.6 replay final wrist low shoulder adaptive hold gains= {"arm_roll": {"kp": 12.0, "kd": 7.0}, "shoulder_side": {"kp": 65.0, "kd": 4.5}, "shoulder_rotate": {"kp": 24.0, "kd": 4.5}, "wrist_side": {"kp": 24.0, "kd": 2.4}} hold_tau= {"arm_roll": -0.3427607989659096, "shoulder_rotate": -0.8700000000000001, "shoulder_side": 0.71}
v2.6 replay final wrist trajectory= blend_smootherstep linear_blend= 0.35 active_velocity_ff= False active_tau= 0.0
v2 continuous step wrist 1/1 target= -2.7193740497347183
v2.6 replay adaptive hold tau observation replay-final-wrist active= wrist errors_deg= {"shoulder_front": 0.08742642137616322, "shoulder_side": 0.021856605344040804, "shoulder_rotate": 0.04371321068808161, "elbow": -0.08742642137616322, "arm_roll": 0.6775684260436049, "wrist_side": 0.10928473426749652}
v2.6 replay adaptive hold target bias observation replay-final-wrist-soft-hold active= wrist errors_deg= {"elbow": -0.08742642137616322}
v2.8 White Knight Place_B1 final errors_deg= {"shoulder_front": 0.08742642137616322, "shoulder_side": 0.021856605344040804, "shoulder_rotate": 0.04371321068808161, "elbow": -0.08742642137616322, "arm_roll": 0.6775684260436049, "wrist_side": 0.10928473426749652, "wrist": -0.786851452763809}
v2.8 White Knight Place_B1 final training status= {"status": "training incomplete", "tolerance_deg": 0.5, "errors_deg": {"shoulder_front": 0.08742642137616322, "shoulder_side": 0.021856605344040804, "shoulder_rotate": 0.04371321068808161, "elbow": -0.08742642137616322, "arm_roll": 0.6775684260436049, "wrist_side": 0.10928473426749652, "wrist": -0.786851452763809}, "blocking_errors_deg": {"arm_roll": 0.6775684260436049, "wrist": -0.786851452763809}}
v2.8 White Knight Place_B1 training incomplete; recorded residuals do not gate final Claw Home= {"arm_roll": 0.6775684260436049, "wrist": -0.786851452763809}
enable skip shoulder_front
enable skip shoulder_side
enable skip shoulder_rotate
enable skip elbow
enable skip arm_roll
enable skip wrist_side
enable skip wrist
enable skip claw
v2.8 White Knight Place_B1 claw home= {"from_rad": 6.6607537269592285, "target_rad": 0.6727321147918701, "seconds": 4.0, "arm_hold_joints": ["shoulder_front", "shoulder_side", "shoulder_rotate", "elbow", "arm_roll", "wrist_side", "wrist"], "wrist_command_target_rad": -2.7193740497347183, "wrist_measured_before_rad": -2.7014191150665283, "hold_tau": {"shoulder_front": 1.166123468575764, "shoulder_side": 0.71, "shoulder_rotate": -0.8700000000000001, "elbow": 3.2, "arm_roll": -0.3427607989659096, "wrist_side": -0.2899999999999999, "wrist": 0.0}}
v2.8 White Knight Place_B1 claw home result= {"target_rad": 0.6727321147918701, "status": {"pos": 0.6795986890792847, "vel": -0.007326007355004549, "tau": -0.10989011079072952, "wrist_before_rad": -2.7014191150665283, "wrist_after_rad": -2.7334630489349365, "wrist_drift_deg": -1.8359821696561076, "wrist_peak_drift_deg": -1.8359821696561076}, "wrist_command_target_rad": -2.7193740497347183}
v2.8 final verification= {"status": "validated", "tolerance_deg": 0.5, "encoder_half_count_margin_deg": 0.011, "effective_tolerance_deg": 0.511, "errors_deg": {"shoulder_front": -0.3059958899111562, "shoulder_side": -0.3278627405389521, "shoulder_rotate": 0.2622792641284896, "elbow": -0.13114304715882982, "arm_roll": -0.30599247481657127, "wrist_side": 0.21856861476134679, "wrist": 0.4808589779472377}, "blocking_errors_deg": {}, "checked_at": "2026-09-13 14:46:33", "validated_at": "2026-09-13 14:46:33"}
v2.8 Placement_C4 final training status= {"status": "training incomplete", "tolerance_deg": 0.5, "errors_deg": {"shoulder_front": 0.32785591034978206, "shoulder_side": 0.4152755015367753, "elbow": 0.4589955424140269, "shoulder_rotate": -0.7649948474197681, "arm_roll": -0.4371457672591561, "wrist_side": 3.5626821663656574, "wrist": 0.19670944809636723}, "blocking_errors_deg": {"shoulder_rotate": -0.7649948474197681, "wrist_side": 3.5626821663656574}}
v2.8 White Knight Place_B1 final training status= {"status": "training incomplete", "tolerance_deg": 0.5, "errors_deg": {"shoulder_front": 0.08742642137616322, "shoulder_side": 0.021856605344040804, "shoulder_rotate": 0.04371321068808161, "elbow": -0.08742642137616322, "arm_roll": 0.6775684260436049, "wrist_side": 0.10928473426749652, "wrist": -0.786851452763809}, "blocking_errors_deg": {"arm_roll": 0.6775684260436049, "wrist": -0.786851452763809}, "claw_home": {"status": "training incomplete", "position_rad": 0.6795986890792847, "wrist_drift_deg": -1.8359821696561076, "wrist_peak_drift_deg": -1.8359821696561076}}
