started_at: 2026-09-13 20:37:07

finished_at: 2026-09-13 20:40:21

duration_s: 193.903

returncode: 0

stdout:
otate": 0.0, "elbow": 1.3778779562429937, "arm_roll": 1.4884867166703502, "wrist_side": 0.2524479752145379} hold_targets= {"shoulder_rotate": 2.213316485404968, "elbow": 0.8684446213764558, "arm_roll": -3.057135696326242, "wrist_side": -0.3051689770817757}
v2.6 replay final wrist carried hold targets= {"shoulder_front": 1.2949927249193272, "shoulder_side": -2.3851376295089723, "elbow": 0.885501525421911, "shoulder_rotate": 2.213316485404968, "arm_roll": -3.0831146904043396, "wrist_side": -0.3095750254392624}
v2.6 replay final wrist frozen hold targets= {"elbow": {"previous_target": 0.885501525421911, "frozen_target": 0.8443961143493652, "nominal_error_deg": -0.10928302672020401}}
v2.6 replay final wrist soft hold overrides gains= {"elbow": {"kp": 25.0, "kd": 3.0}} tau= {"elbow": {"adaptive_tau": 3.21, "soft_cap_skipped": 3.2}}
v2.6 replay final wrist frozen hold overrides gains= {"elbow": {"kp": 25.0, "kd": 3.0}} tau= {"elbow": {"previous_tau": 3.21, "tau": 3.2}}
v2.6 replay final wrist active delta_deg= -95.4725748394356 target= -2.7193740497347183 kp= 22.0 kd= 1.4 seconds= 12.0 hold joints: shoulder_front,shoulder_side,shoulder_rotate,elbow,arm_roll,wrist_side
v2.6 replay final wrist hold_tau= {"shoulder_front": 1.166123468575764, "elbow": 3.2, "arm_roll": -0.3427607989659096, "shoulder_rotate": -0.8700000000000001, "shoulder_side": 0.71, "wrist_side": -0.2799999999999999}
v2.6 replay final wrist low shoulder wrist_side hold gains= {"kp": 24.0, "kd": 2.4} hold_tau= -0.2799999999999999
v2.6 replay final wrist low shoulder adaptive hold gains= {"shoulder_side": {"kp": 65.0, "kd": 4.5}, "arm_roll": {"kp": 12.0, "kd": 7.0}, "shoulder_rotate": {"kp": 24.0, "kd": 4.5}, "wrist_side": {"kp": 24.0, "kd": 2.4}} hold_tau= {"arm_roll": -0.3427607989659096, "shoulder_rotate": -0.8700000000000001, "shoulder_side": 0.71}
v2.6 replay final wrist trajectory= blend_smootherstep linear_blend= 0.35 active_velocity_ff= False active_tau= 0.0
v2 continuous step wrist 1/1 target= -2.7193740497347183
v2.6 replay adaptive hold tau observation replay-final-wrist active= wrist errors_deg= {"shoulder_front": 0.10928302672020401, "shoulder_side": 0.1311396320642448, "shoulder_rotate": -0.10928302672020401, "elbow": -0.08742642137616322, "arm_roll": 0.8961344794840129, "wrist_side": 0.17485625784691144}
v2.6 replay adaptive hold target bias observation replay-final-wrist-soft-hold active= wrist errors_deg= {"elbow": -0.08742642137616322}
v2.8 White Knight Place_B1 final errors_deg= {"shoulder_front": 0.10928302672020401, "shoulder_side": 0.1311396320642448, "shoulder_rotate": -0.10928302672020401, "elbow": -0.08742642137616322, "arm_roll": 0.8961344794840129, "wrist_side": 0.19671286319095224, "wrist": -0.24043631916278885}
v2.8 placement residual learning= {"arm_roll_before_wrist_deg": -0.39341889619273446, "arm_roll_after_wrist_deg": 0.8961344794840129, "wrist_hold_errors_deg": {"arm_roll": 0.8961344794840129}, "target_bias_updates": {}, "wrist_hold_bias_updates": {"arm_roll": {"bias_deg": 0.6425937593796376, "previous_bias_deg": 0.3289466915602331, "delta_bias_deg": 0.3136470678194045, "last_error_deg": 0.8961344794840129, "best_error_deg": 0.9398476901720946, "best_bias_deg": 0.0, "step_scale": 1.0, "learning_state": "integrating", "samples": 2, "updated_at": "2026-09-13 20:40:16", "label": "white-knight-place_b1-final-wrist-hold"}}}
v2.8 White Knight Place_B1 final training status= {"status": "training incomplete", "tolerance_deg": 0.5, "errors_deg": {"shoulder_front": 0.10928302672020401, "shoulder_side": 0.1311396320642448, "shoulder_rotate": -0.10928302672020401, "elbow": -0.08742642137616322, "arm_roll": 0.8961344794840129, "wrist_side": 0.19671286319095224, "wrist": -0.24043631916278885}, "blocking_errors_deg": {"arm_roll": 0.8961344794840129}}
v2.8 White Knight Place_B1 training incomplete; recorded residuals do not gate final Claw Home= {"arm_roll": 0.8961344794840129}
enable skip shoulder_front
enable skip shoulder_side
enable skip shoulder_rotate
enable skip elbow
enable skip arm_roll
enable skip wrist_side
enable skip wrist
enable skip claw
v2.8 White Knight Place_B1 claw home= {"from_rad": 6.661135196685791, "target_rad": 0.6727321147918701, "seconds": 4.0, "arm_hold_joints": ["shoulder_front", "shoulder_side", "shoulder_rotate", "elbow", "arm_roll", "wrist_side", "wrist"], "wrist_command_target_rad": -2.7193740497347183, "wrist_measured_before_rad": -2.7105743885040283, "hold_tau": {"shoulder_front": 1.166123468575764, "shoulder_side": 0.71, "shoulder_rotate": -0.8700000000000001, "elbow": 3.2, "arm_roll": -0.3427607989659096, "wrist_side": -0.2799999999999999, "wrist": 0.0}}
v2.8 White Knight Place_B1 claw home result= {"target_rad": 0.6727321147918701, "status": {"pos": 0.6795986890792847, "vel": -0.007326007355004549, "tau": -0.10989011079072952, "target_rad": 0.6727321147918701, "wrist_before_rad": -2.7105743885040283, "wrist_after_rad": -2.7334630489349365, "wrist_drift_deg": -1.3114236413991283, "wrist_peak_drift_deg": -1.3114236413991283}, "wrist_command_target_rad": -2.7193740497347183}
v2.8 final verification= {"status": "validated", "tolerance_deg": 0.5, "encoder_half_count_margin_deg": 0.011, "effective_tolerance_deg": 0.511, "errors_deg": {"shoulder_front": -0.3497091005992379, "shoulder_side": -0.3278627405389521, "shoulder_rotate": 0.24042265878444882, "elbow": 0.04371321068808161, "arm_roll": -0.28413586947253044, "wrist_side": 0.06557066980576866, "wrist": 0.4590023726031969}, "blocking_errors_deg": {}, "checked_at": "2026-09-13 20:40:21", "validated_at": "2026-09-13 20:40:21"}
v2.8 Placement_C4 final training status= {"status": "training incomplete", "tolerance_deg": 0.5, "errors_deg": {"shoulder_front": 0.32785591034978206, "shoulder_side": 0.28413586947253044, "elbow": 0.24042607387903384, "shoulder_rotate": -0.32785591034978206, "arm_roll": -0.4152891619151153, "wrist_side": 2.6228336224199165, "wrist": 0.17485284275232643}, "blocking_errors_deg": {"wrist_side": 2.6228336224199165}}
v2.8 White Knight Place_B1 final training status= {"status": "training incomplete", "tolerance_deg": 0.5, "errors_deg": {"shoulder_front": 0.10928302672020401, "shoulder_side": 0.1311396320642448, "shoulder_rotate": -0.10928302672020401, "elbow": -0.08742642137616322, "arm_roll": 0.8961344794840129, "wrist_side": 0.19671286319095224, "wrist": -0.24043631916278885}, "blocking_errors_deg": {"arm_roll": 0.8961344794840129}, "joint_feedback": {"clearance": {"status": {"wrist_side": {"pos": 0.2599755823612213, "vel": -0.007326007355004549, "tau": 1.2722833156585693}, "arm_roll": {"pos": -2.6422903537750244, "vel": -0.007326007355004549, "tau": -0.03663003817200661}}, "command_target_rad": {"wrist_side": 0.34131615485305405, "arm_roll": -2.6431299090385436}, "terminal_feedforward_tau": {"wrist_side": 0.0, "arm_roll": 0.0}, "terminal_gains": {"wrist_side": {"kp": 16.0, "kd": 2.2}, "arm_roll": {"kp": 18.0, "kd": 6.0}}}, "before_final_wrist": {"status": {"arm_roll": {"pos": -3.0477988719940186, "vel": -0.007326007355004549, "tau": -0.7448107600212097}, "wrist_side": {"pos": -0.308804452419281, "vel": -0.007326007355004549, "tau": -0.4078144133090973}}, "nominal_target_rad": {"arm_roll": -3.0546653270721436, "wrist_side": -0.3068970739841461}, "nominal_error_deg": {"arm_roll": -0.39341889619273446, "wrist_side": 0.10928473426749652}}, "after_final_wrist": {"status": {"arm_roll": {"pos": -3.070305824279785, "vel": 0.007326007355004549, "tau": -0.20757021009922028}, "wrist_side": {"pos": -0.3103303611278534, "vel": -0.021978022530674934, "tau": -0.17338217794895172}, "wrist": {"pos": -2.7105743885040283, "vel": -0.007326007355004549, "tau": -0.2222222238779068}}, "nominal_error_deg": {"arm_roll": 0.8961344794840129, "wrist_side": 0.19671286319095224, "wrist": -0.24043631916278885}}}, "claw_home": {"status": "completed", "position_rad": 0.6795986890792847, "target_rad": 0.6727321147918701, "wrist_drift_deg": -1.3114236413991283, "wrist_peak_drift_deg": -1.3114236413991283}}
