started_at: 2026-09-13 20:44:20

finished_at: 2026-09-13 20:47:41

duration_s: 200.704

returncode: 0

stdout:
kp": 25.0, "kd": 3.0}} tau= {"elbow": {"previous_tau": 3.21, "tau": 3.2}}
v2.6 replay final wrist active delta_deg= -95.4725748394356 target= -2.7193740497347183 kp= 22.0 kd= 1.4 seconds= 12.0 hold joints: shoulder_front,shoulder_side,shoulder_rotate,elbow,arm_roll,wrist_side
v2.6 replay final wrist hold_tau= {"shoulder_front": 1.166123468575764, "elbow": 3.2, "arm_roll": -0.3427607989659096, "shoulder_rotate": -0.8700000000000001, "shoulder_side": 0.71, "wrist_side": -0.2799999999999999}
v2.6 replay final wrist low shoulder wrist_side hold gains= {"kp": 24.0, "kd": 2.4} hold_tau= -0.2799999999999999
v2.6 replay final wrist low shoulder adaptive hold gains= {"shoulder_rotate": {"kp": 24.0, "kd": 4.5}, "wrist_side": {"kp": 24.0, "kd": 2.4}, "shoulder_side": {"kp": 65.0, "kd": 4.5}, "arm_roll": {"kp": 12.0, "kd": 7.0}} hold_tau= {"arm_roll": -0.3427607989659096, "shoulder_rotate": -0.8700000000000001, "shoulder_side": 0.71}
v2.6 replay final wrist trajectory= blend_smootherstep linear_blend= 0.35 active_velocity_ff= False active_tau= 0.0
v2 continuous step wrist 1/1 target= -2.7193740497347183
v2.6 replay adaptive hold tau observation replay-final-wrist active= wrist errors_deg= {"shoulder_front": 0.1311396320642448, "shoulder_side": 0.08742642137616322, "shoulder_rotate": -0.08742642137616322, "elbow": -0.08742642137616322, "arm_roll": 0.5464287939793601, "wrist_side": 0.10928473426749652}
v2.6 replay adaptive hold target bias observation replay-final-wrist-soft-hold active= wrist errors_deg= {"elbow": -0.08742642137616322}
v2.8 White Knight Place_B1 final errors_deg= {"shoulder_front": 0.1311396320642448, "shoulder_side": 0.08742642137616322, "shoulder_rotate": -0.08742642137616322, "elbow": -0.08742642137616322, "arm_roll": 0.5245721886353193, "wrist_side": 0.10928473426749652, "wrist": -0.8305646634518905}
v2.8 placement residual learning= {"arm_roll_before_wrist_deg": -0.37156229084869363, "arm_roll_after_wrist_deg": 0.5245721886353193, "wrist_hold_errors_deg": {"arm_roll": 0.5245721886353193}, "target_bias_updates": {"wrist": {"bias_deg": 0.0, "previous_bias_deg": -0.16392795517489103, "delta_bias_deg": 0.16392795517489103, "last_error_deg": -0.8305646634518905, "best_error_deg": 0.6557118206995641, "best_bias_deg": 0.0, "step_scale": 0.25, "learning_state": "backoff", "samples": 4, "updated_at": "2026-09-13 20:47:36", "label": "white-knight-place_b1-final"}}, "wrist_hold_bias_updates": {"arm_roll": {"bias_deg": 0.8261940254019993, "previous_bias_deg": 0.6425937593796376, "delta_bias_deg": 0.18360026602236168, "last_error_deg": 0.5245721886353193, "best_error_deg": 0.5245721886353193, "best_bias_deg": 0.6425937593796376, "step_scale": 1.0, "learning_state": "improved", "samples": 3, "updated_at": "2026-09-13 20:47:36", "label": "white-knight-place_b1-final-wrist-hold"}}}
v2.8 White Knight Place_B1 final training status= {"status": "training incomplete", "tolerance_deg": 0.5, "errors_deg": {"shoulder_front": 0.1311396320642448, "shoulder_side": 0.08742642137616322, "shoulder_rotate": -0.08742642137616322, "elbow": -0.08742642137616322, "arm_roll": 0.5245721886353193, "wrist_side": 0.10928473426749652, "wrist": -0.8305646634518905}, "blocking_errors_deg": {"arm_roll": 0.5245721886353193, "wrist": -0.8305646634518905}}
v2.8 White Knight Place_B1 training incomplete; recorded residuals do not gate final Claw Home= {"arm_roll": 0.5245721886353193, "wrist": -0.8305646634518905}
enable skip shoulder_front
enable skip shoulder_side
enable skip shoulder_rotate
enable skip elbow
enable skip arm_roll
enable skip wrist_side
enable skip wrist
enable skip claw
v2.8 White Knight Place_B1 claw home= {"from_rad": 6.661135196685791, "target_rad": 0.6727321147918701, "seconds": 4.0, "arm_hold_joints": ["shoulder_front", "shoulder_side", "shoulder_rotate", "elbow", "arm_roll", "wrist_side", "wrist"], "wrist_command_target_rad": -2.7193740497347183, "wrist_measured_before_rad": -2.7006561756134033, "hold_tau": {"shoulder_front": 1.166123468575764, "shoulder_side": 0.71, "shoulder_rotate": -0.8700000000000001, "elbow": 3.2, "arm_roll": -0.3427607989659096, "wrist_side": -0.2799999999999999, "wrist": 0.0}}
v2.8 White Knight Place_B1 claw home result= {"target_rad": 0.6727321147918701, "status": {"pos": 0.6795986890792847, "vel": -0.007326007355004549, "tau": -0.10989011079072952, "target_rad": 0.6727321147918701, "wrist_before_rad": -2.7006561756134033, "wrist_after_rad": -2.7334630489349365, "wrist_drift_deg": -1.8796953803441891, "wrist_peak_drift_deg": -1.8796953803441891}, "wrist_command_target_rad": -2.7193740497347183}
v2.8 final verification= {"status": "validated", "tolerance_deg": 0.5, "encoder_half_count_margin_deg": 0.011, "effective_tolerance_deg": 0.511, "errors_deg": {"shoulder_front": -0.37156570594327865, "shoulder_side": -0.3278627405389521, "shoulder_rotate": 0.24042265878444882, "elbow": 0.04371321068808161, "arm_roll": -0.28413586947253044, "wrist_side": 0.21856861476134679, "wrist": 0.4590023726031969}, "blocking_errors_deg": {}, "checked_at": "2026-09-13 20:47:41", "validated_at": "2026-09-13 20:47:41"}
v2.8 Placement_C4 final training status= {"status": "training incomplete", "tolerance_deg": 0.5, "errors_deg": {"shoulder_front": 0.32785591034978206, "shoulder_side": 0.24042265878444882, "elbow": 0.24042607387903384, "shoulder_rotate": -0.32785591034978206, "arm_roll": -0.4152891619151153, "wrist_side": 2.972544430566447, "wrist": 0.17485284275232643}, "blocking_errors_deg": {"wrist_side": 2.972544430566447}}
v2.8 White Knight Place_B1 final training status= {"build": "v2.8-multiflow-anchor-save-merge", "status": "training incomplete", "tolerance_deg": 0.5, "errors_deg": {"shoulder_front": 0.1311396320642448, "shoulder_side": 0.08742642137616322, "shoulder_rotate": -0.08742642137616322, "elbow": -0.08742642137616322, "arm_roll": 0.5245721886353193, "wrist_side": 0.10928473426749652, "wrist": -0.8305646634518905}, "blocking_errors_deg": {"arm_roll": 0.5245721886353193, "wrist": -0.8305646634518905}, "joint_feedback": {"clearance": {"status": {"wrist_side": {"pos": 0.25387197732925415, "vel": -0.007326007355004549, "tau": 1.394383430480957}, "arm_roll": {"pos": -2.6422903537750244, "vel": -0.007326007355004549, "tau": -0.041514042764902115}}, "command_target_rad": {"wrist_side": 0.3430614841050484, "arm_roll": -2.6431299090385436}, "terminal_feedforward_tau": {"wrist_side": 0.0, "arm_roll": 0.0}, "terminal_gains": {"wrist_side": {"kp": 16.0, "kd": 2.2}, "arm_roll": {"kp": 18.0, "kd": 6.0}}}, "before_final_wrist": {"status": {"arm_roll": {"pos": -3.048180341720581, "vel": -0.021978022530674934, "tau": -0.7448107600212097}, "wrist_side": {"pos": -0.3065156042575836, "vel": -0.007326007355004549, "tau": -0.44200244545936584}}, "nominal_target_rad": {"arm_roll": -3.0546653270721436, "wrist_side": -0.3068970739841461}, "nominal_error_deg": {"arm_roll": -0.37156229084869363, "wrist_side": -0.021856605344040804}}, "after_final_wrist": {"status": {"arm_roll": {"pos": -3.0638208389282227, "vel": -0.007326007355004549, "tau": -0.2173382192850113}, "wrist_side": {"pos": -0.308804452419281, "vel": -0.007326007355004549, "tau": -0.2271062284708023}, "wrist": {"pos": -2.7006561756134033, "vel": -0.021978022530674934, "tau": -0.44200244545936584}}, "nominal_error_deg": {"arm_roll": 0.5245721886353193, "wrist_side": 0.10928473426749652, "wrist": -0.8305646634518905}}}, "claw_home": {"status": "completed", "position_rad": 0.6795986890792847, "target_rad": 0.6727321147918701, "wrist_drift_deg": -1.8796953803441891, "wrist_peak_drift_deg": -1.8796953803441891}, "persisted_arm_roll_wrist_hold": {"best_bias_deg": 0.6425937593796376, "best_error_deg": 0.5245721886353193, "bias_deg": 0.8261940254019993, "delta_bias_deg": 0.18360026602236168, "label": "white-knight-place_b1-final-wrist-hold", "last_error_deg": 0.5245721886353193, "learning_state": "improved", "previous_bias_deg": 0.6425937593796376, "samples": 3, "step_scale": 1.0, "updated_at": "2026-09-13 20:47:36"}}
