started_at: 2026-09-13 20:50:32

finished_at: 2026-09-13 20:53:45

duration_s: 193.937

returncode: 0

stdout:
w": 0.885501525421911, "shoulder_rotate": 2.213316485404968, "arm_roll": -3.0831146904043396, "wrist_side": -0.3095750254392624}
v2.6 replay final wrist frozen hold targets= {"elbow": {"previous_target": 0.885501525421911, "frozen_target": 0.8443961143493652, "nominal_error_deg": -0.10928302672020401}}
v2.6 replay final wrist soft hold overrides gains= {"elbow": {"kp": 25.0, "kd": 3.0}} tau= {"elbow": {"adaptive_tau": 3.21, "soft_cap_skipped": 3.2}}
v2.6 replay final wrist frozen hold overrides gains= {"elbow": {"kp": 25.0, "kd": 3.0}} tau= {"elbow": {"previous_tau": 3.21, "tau": 3.2}}
v2.6 replay final wrist active delta_deg= -95.3086468842607 target= -2.7165129671808548 kp= 22.0 kd= 1.4 seconds= 12.0 hold joints: shoulder_front,shoulder_side,shoulder_rotate,elbow,arm_roll,wrist_side
v2.6 replay final wrist hold_tau= {"shoulder_front": 1.166123468575764, "elbow": 3.2, "arm_roll": -0.3427607989659096, "shoulder_rotate": -0.8700000000000001, "shoulder_side": 0.71, "wrist_side": -0.2799999999999999}
v2.6 replay final wrist low shoulder wrist_side hold gains= {"kp": 24.0, "kd": 2.4} hold_tau= -0.2799999999999999
v2.6 replay final wrist low shoulder adaptive hold gains= {"shoulder_rotate": {"kp": 24.0, "kd": 4.5}, "arm_roll": {"kp": 12.0, "kd": 7.0}, "shoulder_side": {"kp": 65.0, "kd": 4.5}, "wrist_side": {"kp": 24.0, "kd": 2.4}} hold_tau= {"arm_roll": -0.3427607989659096, "shoulder_rotate": -0.8700000000000001, "shoulder_side": 0.71}
v2.6 replay final wrist trajectory= blend_smootherstep linear_blend= 0.35 active_velocity_ff= False active_tau= 0.0
v2 continuous step wrist 1/1 target= -2.7165129671808548
v2.6 replay adaptive hold tau observation replay-final-wrist active= wrist errors_deg= {"shoulder_front": 0.1311396320642448, "shoulder_side": 0.1311396320642448, "shoulder_rotate": 0.04371321068808161, "elbow": -0.08742642137616322, "arm_roll": 0.06558347641046243, "wrist_side": 0.08742812892345572}
v2.6 replay adaptive hold target bias observation replay-final-wrist-soft-hold active= wrist errors_deg= {"elbow": -0.08742642137616322}
v2.8 White Knight Place_B1 final errors_deg= {"shoulder_front": 0.1311396320642448, "shoulder_side": 0.1311396320642448, "shoulder_rotate": 0.04371321068808161, "elbow": -0.08742642137616322, "arm_roll": 0.06558347641046243, "wrist_side": 0.08742812892345572, "wrist": -0.8305646634518905}
v2.8 placement residual learning= {"arm_roll_before_wrist_deg": -0.37156229084869363, "arm_roll_after_wrist_deg": 0.06558347641046243, "wrist_hold_errors_deg": {}, "target_bias_updates": {"wrist": {"bias_deg": -0.08305646634518905, "previous_bias_deg": 0.0, "delta_bias_deg": -0.08305646634518905, "last_error_deg": -0.8305646634518905, "best_error_deg": 0.6557118206995641, "best_bias_deg": 0.0, "step_scale": 0.2, "learning_state": "plateau", "samples": 5, "updated_at": "2026-09-13 20:53:40", "label": "white-knight-place_b1-final"}}, "wrist_hold_bias_updates": {}}
v2.8 White Knight Place_B1 final training status= {"status": "training incomplete", "tolerance_deg": 0.5, "errors_deg": {"shoulder_front": 0.1311396320642448, "shoulder_side": 0.1311396320642448, "shoulder_rotate": 0.04371321068808161, "elbow": -0.08742642137616322, "arm_roll": 0.06558347641046243, "wrist_side": 0.08742812892345572, "wrist": -0.8305646634518905}, "blocking_errors_deg": {"wrist": -0.8305646634518905}}
v2.8 White Knight Place_B1 training incomplete; recorded residuals do not gate final Claw Home= {"wrist": -0.8305646634518905}
enable skip shoulder_front
enable skip shoulder_side
enable skip shoulder_rotate
enable skip elbow
enable skip arm_roll
enable skip wrist_side
enable skip wrist
enable skip claw
v2.8 White Knight Place_B1 claw home= {"from_rad": 6.661135196685791, "target_rad": 0.6727321147918701, "seconds": 4.0, "arm_hold_joints": ["shoulder_front", "shoulder_side", "shoulder_rotate", "elbow", "arm_roll", "wrist_side", "wrist"], "wrist_command_target_rad": -2.7165129671808548, "wrist_measured_before_rad": -2.700274705886841, "hold_tau": {"shoulder_front": 1.166123468575764, "shoulder_side": 0.71, "shoulder_rotate": -0.8700000000000001, "elbow": 3.2, "arm_roll": -0.3427607989659096, "wrist_side": -0.2799999999999999, "wrist": 0.0}}
v2.8 White Knight Place_B1 claw home result= {"target_rad": 0.6727321147918701, "status": {"pos": 0.6795986890792847, "vel": -0.007326007355004549, "tau": -0.10989011079072952, "target_rad": 0.6727321147918701, "wrist_before_rad": -2.700274705886841, "wrist_after_rad": -2.733081579208374, "wrist_drift_deg": -1.8796953803441891, "wrist_peak_drift_deg": -1.8796953803441891}, "wrist_command_target_rad": -2.7165129671808548}
v2.8 final verification= {"status": "validated", "tolerance_deg": 0.5, "encoder_half_count_margin_deg": 0.011, "effective_tolerance_deg": 0.511, "errors_deg": {"shoulder_front": -0.32785249525519705, "shoulder_side": -0.3278627405389521, "shoulder_rotate": 0.24042265878444882, "elbow": 0.08742642137616322, "arm_roll": -0.28413586947253044, "wrist_side": 0.24042607387903384, "wrist": 0.4590023726031969}, "blocking_errors_deg": {}, "checked_at": "2026-09-13 20:53:45", "validated_at": "2026-09-13 20:53:45"}
v2.8 Placement_C4 final training status= {"status": "training incomplete", "tolerance_deg": 0.5, "errors_deg": {"shoulder_front": 0.32785591034978206, "shoulder_side": 0.24042265878444882, "elbow": 0.24042607387903384, "shoulder_rotate": -0.30599930500574124, "arm_roll": -0.4371457672591561, "wrist_side": 3.4533974320981606, "wrist": 0.17485284275232643}, "blocking_errors_deg": {"wrist_side": 3.4533974320981606}}
v2.8 White Knight Place_B1 final training status= {"build": "v2.8-multiflow-anchor-save-merge", "status": "training incomplete", "tolerance_deg": 0.5, "errors_deg": {"shoulder_front": 0.1311396320642448, "shoulder_side": 0.1311396320642448, "shoulder_rotate": 0.04371321068808161, "elbow": -0.08742642137616322, "arm_roll": 0.06558347641046243, "wrist_side": 0.08742812892345572, "wrist": -0.8305646634518905}, "blocking_errors_deg": {"wrist": -0.8305646634518905}, "joint_feedback": {"clearance": {"status": {"wrist_side": {"pos": 0.2454795092344284, "vel": -0.007326007355004549, "tau": 1.374847412109375}, "arm_roll": {"pos": -2.641908884048462, "vel": -0.021978022530674934, "tau": -0.041514042764902115}}, "command_target_rad": {"wrist_side": 0.33258950859308245, "arm_roll": -2.6431299090385436}, "terminal_feedforward_tau": {"wrist_side": 0.0, "arm_roll": 0.0}, "terminal_gains": {"wrist_side": {"kp": 16.0, "kd": 2.2}, "arm_roll": {"kp": 18.0, "kd": 6.0}}}, "before_final_wrist": {"status": {"arm_roll": {"pos": -3.048180341720581, "vel": -0.007326007355004549, "tau": -0.7399267554283142}, "wrist_side": {"pos": -0.3065156042575836, "vel": -0.007326007355004549, "tau": -0.44688645005226135}}, "nominal_target_rad": {"arm_roll": -3.0546653270721436, "wrist_side": -0.3068970739841461}, "nominal_error_deg": {"arm_roll": -0.37156229084869363, "wrist_side": -0.021856605344040804}}, "after_final_wrist": {"status": {"arm_roll": {"pos": -3.05580997467041, "vel": -0.007326007355004549, "tau": -0.2759462893009186}, "wrist_side": {"pos": -0.3084229826927185, "vel": 0.007326007355004549, "tau": -0.23199023306369781}, "wrist": {"pos": -2.6998932361602783, "vel": -0.007326007355004549, "tau": -0.38827839493751526}}, "nominal_error_deg": {"arm_roll": 0.06558347641046243, "wrist_side": 0.08742812892345572, "wrist": -0.8305646634518905}}}, "claw_home": {"status": "completed", "position_rad": 0.6795986890792847, "target_rad": 0.6727321147918701, "wrist_drift_deg": -1.8796953803441891, "wrist_peak_drift_deg": -1.8796953803441891}, "persisted_arm_roll_wrist_hold": {"best_bias_deg": 0.6425937593796376, "best_error_deg": 0.5245721886353193, "bias_deg": 0.8261940254019993, "delta_bias_deg": 0.18360026602236168, "label": "white-knight-place_b1-final-wrist-hold", "last_error_deg": 0.5245721886353193, "learning_state": "improved", "previous_bias_deg": 0.6425937593796376, "samples": 3, "step_scale": 1.0, "updated_at": "2026-09-13 20:47:36"}}
