started_at: 2026-09-12 13:55:34

finished_at: 2026-09-12 13:56:51

duration_s: 77.363

returncode: 1

stdout:
14, "bias_deg": 0.0, "target_rad": 0.3057526648044586, "strategy": "measured_load_feedforward", "active_tau": 0.6959707140922546, "seconds": 6.0, "kp": 24.0, "kd": 3.0, "hold_targets_rad": {"shoulder_front": 1.942282795906067, "shoulder_side": -2.7197299003601074, "shoulder_rotate": 2.3691539764404297, "elbow": 0.8104447722434998, "arm_roll": -2.6537346839904785, "wrist": -1.0290303230285645}, "inherited_hold_tau": {"shoulder_front": 2.126495838165283, "shoulder_side": 0.4991452991962433, "shoulder_rotate": -0.11965811997652054, "elbow": 4.3418803215026855, "arm_roll": 0.021978022530674934, "wrist": 0.7252747416496277}}
v2 continuous step wrist_side 1/1 target= 0.3057526648044586
v2.8 Clearance residual fine result= [{"joint": "wrist_side", "attempt": 1, "final_error_deg": 0.8524212687959314}, {"joint": "wrist_side", "attempt": 2, "final_error_deg": 0.26228438677036714}]
{
  "shoulder_front": {
    "pos": 1.942282795906067,
    "vel": -0.0019536020699888468,
    "tau": 2.0991454124450684
  },
  "shoulder_side": {
    "pos": -2.7197299003601074,
    "vel": -0.0019536020699888468,
    "tau": 0.47179487347602844
  },
  "elbow": {
    "pos": 0.8104447722434998,
    "vel": -0.005860805977135897,
    "tau": 4.259829044342041
  },
  "shoulder_rotate": {
    "pos": 2.3691539764404297,
    "vel": -0.007326007355004549,
    "tau": -0.17826618254184723
  },
  "arm_roll": {
    "pos": -2.6544976234436035,
    "vel": -0.007326007355004549,
    "tau": -0.012210012413561344
  },
  "wrist_side": {
    "pos": 0.30155640840530396,
    "vel": -0.007326007355004549,
    "tau": 0.7692307829856873
  },
  "wrist": {
    "pos": -1.0290303230285645,
    "vel": 0.007326007355004549,
    "tau": 0.7008547186851501
  }
}
v2.8 clearance final verification= {"status": "validated", "tolerance_deg": 0.5, "encoder_half_count_margin_deg": 0.011, "effective_tolerance_deg": 0.511, "errors_deg": {"shoulder_front": -0.37156912103786366, "shoulder_side": 0.30599247481657127, "elbow": 0.3497125156938229, "arm_roll": 0.28413586947253044, "wrist_side": 0.26228438677036714, "wrist": -0.1311396320642448}, "blocking_errors_deg": {}, "checked_at": "2026-09-12 13:56:13", "validated_at": "2026-09-12 13:56:13"}
Serial port is open
Serial port is open
enable shoulder_front
enable shoulder_side
enable shoulder_rotate
enable elbow
enable arm_roll
enable wrist_side
enable wrist
v2.6 replay move name= white_bishop_place order= shoulder_front,shoulder_side,shoulder_rotate,elbow,arm_roll,wrist_side final= wrist replay_style= adaptive
v2.6 replay target pose= {"shoulder_front": 1.413939118385315, "shoulder_side": -2.4713892936706543, "shoulder_rotate": 2.399672031402588, "elbow": 0.8321889042854309, "arm_roll": -2.826543092727661, "wrist_side": -0.1836804747581482, "wrist": -2.2772183418273926}
v2.6 replay shoulder_front handoff config= {"entry_takeover_seconds": 0.5, "entry_hold_tau": 3.0, "descent_tau": 3.0, "group_preload_seconds": 0.8}
v2.6 replay entry takeover hold seconds= 0.5 hold_tau= {"shoulder_front": 3.0}
v2.6 replay after_clearance errors_deg= {"shoulder_front": -30.315576065048155, "shoulder_side": 14.294438461056126, "shoulder_rotate": 1.6829859322478218, "elbow": 3.868677202503167, "arm_roll": -9.660769826227776, "wrist_side": -27.670884129736905, "wrist": -69.87663962459814}
v2.6 replay adaptive plan {"deltas_deg": {"shoulder_front": -30.855576065048158, "shoulder_side": 14.609177676123826, "shoulder_rotate": 1.0751030303056577, "elbow": 6.584482882928911, "arm_roll": -10.567435193137213, "wrist_side": -27.670884129736905}, "groups": [["shoulder_front", "shoulder_side", "elbow"], ["shoulder_rotate", "arm_roll", "wrist_side"]], "soft_group_delta_deg": 18.0, "force_split_deg": 28.0}
v2.6 replay adaptive group target bias shoulder_front bias_deg= -0.54 nominal_target= 1.413939118385315 biased_target= 1.4045143404245455
v2.6 replay adaptive group target bias shoulder_side bias_deg= 0.31473921506768954 nominal_target= -2.4713892936706543 biased_target= -2.4658960580825804
v2.6 replay adaptive group target bias elbow bias_deg= 2.7158056804257438 nominal_target= 0.8321889042854309 biased_target= 0.879588655253225
v2.6 replay adaptive group active group-1 shoulder_front,shoulder_side,elbow deltas_deg= {"shoulder_front": -30.855576065048158, "shoulder_side": 14.587321070779785, "elbow": 6.584482882928911} targets= {"shoulder_front": 1.4045143404245455, "shoulder_side": -2.4658960580825804, "elbow": 0.879588655253225} seconds= 13.57645346862119 hold joints: wrist
v2.6 replay adaptive group active_tau= {"shoulder_front": {"start_tau": 3.0, "end_tau": 1.0, "ramp_fraction": 0.25, "ramp": "smoothstep"}}
v2.6 replay adaptive group shoulder_front preload_seconds= 0.8
v2.2 continuous group step shoulder_front,shoulder_side,elbow 1/1 targets= {"shoulder_front": 1.4045143404245455, "shoulder_side": -2.4658960580825804, "elbow": 0.879588655253225}
v2.6 replay adaptive group target bias shoulder_rotate bias_deg= -0.607882901942173 nominal_target= 2.399672031402588 biased_target= 2.3890624732971193
v2.6 replay adaptive group target bias arm_roll bias_deg= -0.9066653669094331 nominal_target= -2.826543092727661 biased_target= -2.8423673885940333
v2.6 replay adaptive group hold target bias pending hold-tau improvement wrist_side ["shoulder_side"]
v2.6 replay adaptive group hold target bias= {"elbow": 2.267996501648901} hold_targets= {"elbow": 0.9191726616307114}
v2.6 replay adaptive group active group-2 shoulder_rotate,arm_roll,wrist_side deltas_deg= {"shoulder_rotate": -2.5968613090065573, "arm_roll": -10.567435193137213, "wrist_side": -27.627170919048822} targets= {"shoulder_rotate": 2.3890624732971193, "arm_roll": -2.8423673885940333, "wrist_side": -0.1836804747581482} seconds= 20.0 hold joints: wrist,shoulder_front,shoulder_side,elbow
v2.6 replay adaptive group active_tau= {"arm_roll": -0.3112464494137202, "wrist_side": -0.35}
v2.6 replay adaptive group completed hold targets= {"shoulder_front": 1.4045143404245455, "shoulder_side": -2.4658960580825804, "elbow": 0.879588655253225}
v2.6 replay adaptive group hold_tau= {"wrist": 0.55, "shoulder_front": 1.3037558048405762, "elbow": 4.117268775272362, "shoulder_side": 0.69}
v2.6 replay adaptive group soft hold overrides gains= {"elbow": {"kp": 25.0, "kd": 3.0}} tau= {"elbow": {"adaptive_tau": 4.117268775272362, "soft_cap_skipped": 3.2}}
v2.2 continuous group step shoulder_rotate,arm_roll,wrist_side 1/1 targets= {"shoulder_rotate": 2.3890624732971193, "arm_roll": -2.8423673885940333, "wrist_side": -0.1836804747581482}
v2.6 replay adaptive group active tau updates {"arm_roll:negative": {"tau": -0.3117273220520458, "previous_tau": -0.3060023718298668, "applied_tau": -0.3112464494137202, "delta_tau": -0.005724950222179004, "direction": "negative", "last_error_deg": -1.4312375555447567, "best_error_deg": 0.6807542242775642, "best_tau": -0.3060023718298668, "step_scale": 0.2, "learning_state": "plateau", "refined_best": false, "samples": 116, "updated_at": "2026-09-12 13:56:51", "label": "replay-adaptive-group"}}
v2.6 replay adaptive hold tau observation replay-adaptive-group active= wrist_side errors_deg= {"shoulder_front": -0.41528233172594525, "shoulder_side": 0.30600613519491127, "elbow": -0.41528233172594525}
v2.6 replay adaptive hold target bias observation replay-adaptive-group-soft-hold active= wrist_side errors_deg= {"elbow": -0.41528233172594525}
v2.8 pre-wrist verification= {"tolerance_deg": 0.5, "encoder_half_count_margin_deg": 0.011, "effective_tolerance_deg": 0.511, "blocking_errors_deg": {"arm_roll": -0.5245721886353193}, "extra_correction_motion": false}
v2.8 pre-wrist local learning update= {"arm_roll": {"bias_deg": -2.86606515475923, "previous_bias_deg": -2.6037790604415707, "delta_bias_deg": -0.2622860943176595, "last_error_deg": -0.5245721886353193, "best_error_deg": 0.5245721886353193, "best_bias_deg": -2.6037790604415707, "step_scale": 1.0, "learning_state": "improved", "samples": 5, "updated_at": "2026-09-12 13:56:51", "label": "pre-wrist-gate"}}


stderr:
Traceback (most recent call last):
  File "/home/nvidia/hive_robot/DM_Control_Python/left_arm_v2_8_move_library.py", line 1283, in <module>
    main()
  File "/home/nvidia/hive_robot/DM_Control_Python/left_arm_v2_8_move_library.py", line 1279, in main
    replay_with_local_bias(args)
  File "/home/nvidia/hive_robot/DM_Control_Python/left_arm_v2_8_move_library.py", line 1220, in replay_with_local_bias
    legacy.replay_move(
  File "/home/nvidia/hive_robot/DM_Control_Python/left_arm_v2_6_move_library.py", line 2294, in replay_move
    before_final_wrist_errors = run_replay_settle_pass(arm, pose, fallback_kp, fallback_kd, label="before_final_wrist")
  File "/home/nvidia/hive_robot/DM_Control_Python/left_arm_v2_8_move_library.py", line 1149, in strict_pre_wrist_settle
    return verify_pre_wrist_or_learn(arm, pose, local, label)
  File "/home/nvidia/hive_robot/DM_Control_Python/left_arm_v2_8_move_library.py", line 675, in verify_pre_wrist_or_learn
    raise RuntimeError(
RuntimeError: v2.8 replay stopped before wrist: non-wrist joints exceed 0.5deg; local residuals saved for the next smooth replay; no extra correction motion was issued: {"arm_roll": -0.5245721886353193}
Error in sys.excepthook:
Traceback (most recent call last):
  File "/usr/lib/python3/dist-packages/apport_python_hook.py", line 72, in apport_excepthook
    from apport.fileutils import likely_packaged, get_recent_crashes
  File "/usr/lib/python3/dist-packages/apport/__init__.py", line 5, in <module>
    from apport.report import Report
  File "/usr/lib/python3/dist-packages/apport/report.py", line 32, in <module>
    import apport.fileutils
  File "/usr/lib/python3/dist-packages/apport/fileutils.py", line 12, in <module>
    import os, glob, subprocess, os.path, time, pwd, sys, requests_unixsocket
  File "/usr/lib/python3/dist-packages/requests_unixsocket/__init__.py", line 1, in <module>
    import requests
  File "/usr/lib/python3/dist-packages/requests/__init__.py", line 95, in <module>
    from urllib3.contrib import pyopenssl
  File "/usr/lib/python3/dist-packages/urllib3/contrib/pyopenssl.py", line 46, in <module>
    import OpenSSL.SSL
  File "/usr/lib/python3/dist-packages/OpenSSL/__init__.py", line 8, in <module>
    from OpenSSL import crypto, SSL
  File "/usr/lib/python3/dist-packages/OpenSSL/crypto.py", line 1553, in <module>
    class X509StoreFlags(object):
  File "/usr/lib/python3/dist-packages/OpenSSL/crypto.py", line 1571, in X509StoreFlags
    NOTIFY_POLICY = _lib.X509_V_FLAG_NOTIFY_POLICY
AttributeError: module 'lib' has no attribute 'X509_V_FLAG_NOTIFY_POLICY'

Original exception was:
Traceback (most recent call last):
  File "/home/nvidia/hive_robot/DM_Control_Python/left_arm_v2_8_move_library.py", line 1283, in <module>
    main()
  File "/home/nvidia/hive_robot/DM_Control_Python/left_arm_v2_8_move_library.py", line 1279, in main
    replay_with_local_bias(args)
  File "/home/nvidia/hive_robot/DM_Control_Python/left_arm_v2_8_move_library.py", line 1220, in replay_with_local_bias
    legacy.replay_move(
  File "/home/nvidia/hive_robot/DM_Control_Python/left_arm_v2_6_move_library.py", line 2294, in replay_move
    before_final_wrist_errors = run_replay_settle_pass(arm, pose, fallback_kp, fallback_kd, label="before_final_wrist")
  File "/home/nvidia/hive_robot/DM_Control_Python/left_arm_v2_8_move_library.py", line 1149, in strict_pre_wrist_settle
    return verify_pre_wrist_or_learn(arm, pose, local, label)
  File "/home/nvidia/hive_robot/DM_Control_Python/left_arm_v2_8_move_library.py", line 675, in verify_pre_wrist_or_learn
    raise RuntimeError(
RuntimeError: v2.8 replay stopped before wrist: non-wrist joints exceed 0.5deg; local residuals saved for the next smooth replay; no extra correction motion was issued: {"arm_roll": -0.5245721886353193}
