started_at: 2026-09-12 20:57:54

finished_at: 2026-09-12 20:59:24

duration_s: 90.431

returncode: 0

stdout:
{"shoulder_front": -81.55834293601653, "shoulder_side": -8.152639468807937, "elbow": -19.21763331536218} targets= {"shoulder_front": 0.5195841186550446, "shoulder_side": -2.8627832412719725, "elbow": 0.4338344699342782} seconds= 20.0 hold joints: wrist
v2.6 replay adaptive group active_tau= {"shoulder_front": {"start_tau": 3.0, "end_tau": 1.0, "ramp_fraction": 0.25, "ramp": "smoothstep"}}
v2.6 replay adaptive group shoulder_front preload_seconds= 0.8
v2.2 continuous group step shoulder_front,shoulder_side,elbow 1/1 targets= {"shoulder_front": 0.5195841186550445, "shoulder_side": -2.8627832412719725, "elbow": 0.4338344699342782}
v2.6 replay adaptive group target bias shoulder_rotate bias_deg= -0.006826254981050917 nominal_target= 2.560654640197754 biased_target= 2.560535499572754
v2.6 replay adaptive group target bias arm_roll bias_deg= 1.4239061267316275 nominal_target= -2.733844518661499 biased_target= -2.7089926685107124
v2.6 replay adaptive group hold target bias= {"elbow": 2.061448592939954} hold_targets= {"elbow": 0.46981353524168473}
v2.6 replay adaptive group active group-2 shoulder_rotate,arm_roll,wrist_side deltas_deg= {"shoulder_rotate": 10.68121768279499, "arm_roll": -2.663347374495699, "wrist_side": -5.879516483779833} targets= {"shoulder_rotate": 2.560535499572754, "arm_roll": -2.7089926685107124, "wrist_side": 0.19283588230609894} seconds= 7.055419780535799 hold joints: wrist,shoulder_front,shoulder_side,elbow
v2.6 replay adaptive group active_tau= {"arm_roll": -0.3019678493290874, "wrist_side": -0.35}
v2.6 replay adaptive group completed hold targets= {"shoulder_front": 0.5195841186550446, "shoulder_side": -2.8627832412719725, "elbow": 0.4338344699342782}
v2.6 replay adaptive group hold_tau= {"wrist": 0.55, "shoulder_front": 1.2937558048405762, "elbow": 4.117268775272362, "shoulder_side": 0.7}
v2.6 replay adaptive group soft hold overrides gains= {"elbow": {"kp": 25.0, "kd": 3.0}} tau= {"elbow": {"adaptive_tau": 4.117268775272362, "soft_cap_skipped": 3.2}}
v2.2 continuous group step shoulder_rotate,arm_roll,wrist_side 1/1 targets= {"shoulder_rotate": 2.560535499572754, "arm_roll": -2.7089926685107124, "wrist_side": 0.19283588230609894}
v2.6 replay adaptive group active tau updates {"arm_roll:negative": {"tau": -0.3019678493290874, "previous_tau": -0.3060023718298668, "applied_tau": -0.3019678493290874, "delta_tau": 0.004034522500779403, "direction": "negative", "last_error_deg": 1.0086306251948562, "best_error_deg": 0.6807542242775642, "best_tau": -0.3060023718298668, "step_scale": 0.2, "learning_state": "plateau", "refined_best": false, "samples": 155, "updated_at": "2026-09-12 20:59:11", "label": "replay-adaptive-group"}}
v2.6 replay adaptive hold tau observation replay-adaptive-group active= wrist_side errors_deg= {"shoulder_front": -0.3059958899111562, "shoulder_side": -0.3278627405389521, "elbow": -0.15299965250287062}
v2.6 replay adaptive hold target bias observation replay-adaptive-group-soft-hold active= wrist_side errors_deg= {"elbow": -0.15299965250287062}
v2.8 pre-wrist verification= {"tolerance_deg": 0.5, "encoder_half_count_margin_deg": 0.011, "effective_tolerance_deg": 0.511, "blocking_errors_deg": {}, "extra_correction_motion": false}
v2.6 replay correction decisions= {"shoulder_side": {"error_deg": -0.3278627405389521, "samples": 58, "learning_state": "plateau", "step_scale": 0.2, "best_error_deg": 1.09284392758038, "decision": "below_error_deadband"}, "elbow": {"error_deg": -0.15299965250287062, "samples": 28, "learning_state": "plateau", "step_scale": 0.2, "best_error_deg": 1.005420921298802, "decision": "below_error_deadband"}} enabled= False
v2.6 replay correction skipped selected= 
v2.6 replay final wrist adaptive target bias wrist bias_deg= 0.2599311284402625 nominal_target= -2.9879071712493896 biased_target= -2.983370517229683
v2.6 replay final wrist hold target bias pending hold-tau improvement ["arm_roll", "shoulder_front", "shoulder_side"]
v2.6 replay final wrist adaptive hold target bias= {"shoulder_rotate": 1.1955852156555042, "elbow": 1.240180147292432, "wrist_side": 0.0} hold_targets= {"shoulder_rotate": 2.581402398074109, "elbow": 0.41590020935958727, "wrist_side": 0.19283588230609894}
v2.6 replay final wrist carried hold targets= {"shoulder_front": 0.5195841186550446, "shoulder_side": -2.8627832412719725, "elbow": 0.4338344699342782, "shoulder_rotate": 2.560535499572754, "arm_roll": -2.7089926685107124}
v2.6 replay final wrist frozen hold targets= {"elbow": {"previous_target": 0.4338344699342782, "frozen_target": 0.39425498247146606, "nominal_error_deg": -0.15299965250287062}}
v2.6 replay final wrist soft hold overrides gains= {"elbow": {"kp": 25.0, "kd": 3.0}} tau= {"elbow": {"adaptive_tau": 3.21, "soft_cap_skipped": 3.2}}
v2.6 replay final wrist frozen hold overrides gains= {"elbow": {"kp": 25.0, "kd": 3.0}} tau= {"elbow": {"previous_tau": 3.21, "tau": 3.2}}
v2.6 replay final wrist active delta_deg= -112.52187365448113 target= -2.983370517229683 kp= 22.0 kd= 1.4 seconds= 12.0 hold joints: shoulder_front,shoulder_side,shoulder_rotate,elbow,arm_roll,wrist_side
v2.6 replay final wrist hold_tau= {"shoulder_front": 1.166123468575764, "elbow": 3.2, "arm_roll": -0.3527607989659096, "shoulder_rotate": -0.8700000000000001, "shoulder_side": 0.71, "wrist_side": -0.29999999999999993}
v2.6 replay final wrist low shoulder wrist_side hold gains= {"kp": 24.0, "kd": 2.4} hold_tau= -0.29999999999999993
v2.6 replay final wrist low shoulder adaptive hold gains= {"shoulder_side": {"kp": 65.0, "kd": 4.5}, "shoulder_rotate": {"kp": 24.0, "kd": 4.5}, "arm_roll": {"kp": 12.0, "kd": 7.0}, "wrist_side": {"kp": 24.0, "kd": 2.4}} hold_tau= {"arm_roll": -0.3527607989659096, "shoulder_rotate": -0.8700000000000001, "shoulder_side": 0.71}
v2.6 replay final wrist trajectory= blend_smootherstep linear_blend= 0.35 active_velocity_ff= False active_tau= 0.0
v2 continuous step wrist 1/1 target= -2.983370517229683
v2.6 replay adaptive hold tau observation replay-final-wrist active= wrist errors_deg= {"shoulder_front": -0.3059958899111562, "shoulder_side": -0.3278627405389521, "shoulder_rotate": 0.39343255657107445, "elbow": 0.04371321068808161, "arm_roll": -0.04371321068808161, "wrist_side": 0.26228267922307463}
v2.6 replay adaptive hold target bias observation replay-final-wrist-soft-hold active= wrist errors_deg= {"elbow": 0.04371321068808161}
v2.6 replay final errors_deg= {"shoulder_front": -0.3059958899111562, "shoulder_side": -0.3278627405389521, "shoulder_rotate": 0.39343255657107445, "elbow": 0.04371321068808161, "arm_roll": -0.04371321068808161, "wrist_side": 0.26228267922307463, "wrist": 0.4808589779472377}
{
  "shoulder_front": {
    "pos": 0.6013962030410767,
    "vel": 0.0019536020699888468,
    "tau": -5.011965751647949
  },
  "shoulder_side": {
    "pos": -2.8509573936462402,
    "vel": -0.0019536020699888468,
    "tau": -0.10256410390138626
  },
  "shoulder_rotate": {
    "pos": 2.55378794670105,
    "vel": -0.007326007355004549,
    "tau": -0.25152626633644104
  },
  "elbow": {
    "pos": 0.3908216953277588,
    "vel": -0.0019536020699888468,
    "tau": 3.7811965942382812
  },
  "arm_roll": {
    "pos": -2.733081579208374,
    "vel": -0.007326007355004549,
    "tau": -0.08547008782625198
  },
  "wrist_side": {
    "pos": 0.18863965570926666,
    "vel": -0.007326007355004549,
    "tau": -0.2271062284708023
  },
  "wrist": {
    "pos": -2.9962997436523438,
    "vel": -0.007326007355004549,
    "tau": 0.25641027092933655
  }
}
v2.8 final verification= {"status": "validated", "tolerance_deg": 0.5, "encoder_half_count_margin_deg": 0.011, "effective_tolerance_deg": 0.511, "errors_deg": {"shoulder_front": -0.3059958899111562, "shoulder_side": -0.3278627405389521, "shoulder_rotate": 0.39343255657107445, "elbow": 0.04371321068808161, "arm_roll": -0.04371321068808161, "wrist_side": 0.26228267922307463, "wrist": 0.4808589779472377}, "blocking_errors_deg": {}, "checked_at": "2026-09-12 20:59:24", "validated_at": "2026-09-12 20:59:24"}
